#! /usr/bin/vvp
:ivl_version "10.1 (stable)";
:ivl_delay_selection "TYPICAL";
:vpi_time_precision + 0;
:vpi_module "system";
:vpi_module "vhdl_sys";
:vpi_module "v2005_math";
:vpi_module "va_math";
S_0x7fffc94ce720 .scope module, "testbench_PC" "testbench_PC" 2 1;
 .timescale 0 0;
v0x7fffc94eee80_0 .var "clk", 0 0;
v0x7fffc94eef40_0 .var "data_in", 7 0;
v0x7fffc94ef010_0 .net "data_out", 7 0, v0x7fffc94eec20_0;  1 drivers
v0x7fffc94ef110_0 .var "en", 0 0;
S_0x7fffc94ce8a0 .scope module, "PC" "reg_carga_paralela" 2 7, 3 2 0, S_0x7fffc94ce720;
 .timescale 0 0;
    .port_info 0 /INPUT 8 "data_in"
    .port_info 1 /INPUT 1 "clk"
    .port_info 2 /INPUT 1 "en"
    .port_info 3 /OUTPUT 8 "data_out"
v0x7fffc94ceae0_0 .net "clk", 0 0, v0x7fffc94eee80_0;  1 drivers
v0x7fffc94eeb40_0 .net "data_in", 7 0, v0x7fffc94eef40_0;  1 drivers
v0x7fffc94eec20_0 .var "data_out", 7 0;
v0x7fffc94eed10_0 .net "en", 0 0, v0x7fffc94ef110_0;  1 drivers
E_0x7fffc9491cc0 .event posedge, v0x7fffc94ceae0_0;
    .scope S_0x7fffc94ce8a0;
T_0 ;
    %wait E_0x7fffc9491cc0;
    %load/vec4 v0x7fffc94eed10_0;
    %cmpi/e 1, 0, 1;
    %jmp/0xz  T_0.0, 4;
    %load/vec4 v0x7fffc94eeb40_0;
    %assign/vec4 v0x7fffc94eec20_0, 0;
T_0.0 ;
    %jmp T_0;
    .thread T_0;
    .scope S_0x7fffc94ce720;
T_1 ;
    %vpi_call 2 10 "$monitor", "[%0t] data_in=%b clk=%b en=%b data_out=%b", $time, v0x7fffc94eef40_0, v0x7fffc94eee80_0, v0x7fffc94ef110_0, v0x7fffc94ef010_0 {0 0 0};
    %pushi/vec4 0, 0, 1;
    %store/vec4 v0x7fffc94eee80_0, 0, 1;
    %pushi/vec4 0, 0, 1;
    %store/vec4 v0x7fffc94ef110_0, 0, 1;
    %pushi/vec4 0, 0, 8;
    %store/vec4 v0x7fffc94eef40_0, 0, 8;
    %delay 5, 0;
    %load/vec4 v0x7fffc94eef40_0;
    %addi 4, 0, 8;
    %store/vec4 v0x7fffc94eef40_0, 0, 8;
    %delay 5, 0;
    %pushi/vec4 1, 0, 1;
    %assign/vec4 v0x7fffc94ef110_0, 0;
    %delay 0, 0;
    %load/vec4 v0x7fffc94eef40_0;
    %addi 4, 0, 8;
    %store/vec4 v0x7fffc94eef40_0, 0, 8;
    %delay 5, 0;
    %load/vec4 v0x7fffc94eef40_0;
    %addi 4, 0, 8;
    %store/vec4 v0x7fffc94eef40_0, 0, 8;
    %delay 5, 0;
    %pushi/vec4 0, 0, 1;
    %assign/vec4 v0x7fffc94ef110_0, 0;
    %delay 0, 0;
    %load/vec4 v0x7fffc94eef40_0;
    %addi 4, 0, 8;
    %store/vec4 v0x7fffc94eef40_0, 0, 8;
    %delay 0, 0;
    %vpi_call 2 32 "$finish" {0 0 0};
    %end;
    .thread T_1;
    .scope S_0x7fffc94ce720;
T_2 ;
    %delay 5, 0;
    %load/vec4 v0x7fffc94eee80_0;
    %inv;
    %store/vec4 v0x7fffc94eee80_0, 0, 1;
    %jmp T_2;
    .thread T_2;
# The file index is used to find the file name in the following table.
:file_names 4;
    "N/A";
    "<interactive>";
    "test_PC.v";
    "reg_carga_paralela.v";
