#! /usr/bin/vvp
:ivl_version "10.1 (stable)";
:ivl_delay_selection "TYPICAL";
:vpi_time_precision + 0;
:vpi_module "system";
:vpi_module "vhdl_sys";
:vpi_module "v2005_math";
:vpi_module "va_math";
S_0x7fffe2f5df70 .scope module, "testbench_mux_2to1" "testbench_mux_2to1" 2 1;
 .timescale 0 0;
v0x7fffe2f7e7e0_0 .var "in1", 7 0;
v0x7fffe2f7e8c0_0 .var "in2", 7 0;
v0x7fffe2f7e990_0 .var "in3", 7 0;
v0x7fffe2f7ea90_0 .net "out", 7 0, v0x7fffe2f7e530_0;  1 drivers
v0x7fffe2f7eb60_0 .var "sel", 1 0;
S_0x7fffe2f5e0f0 .scope module, "mux" "mux_3to1" 2 8, 3 1 0, S_0x7fffe2f5df70;
 .timescale 0 0;
    .port_info 0 /INPUT 8 "in1"
    .port_info 1 /INPUT 8 "in2"
    .port_info 2 /INPUT 8 "in3"
    .port_info 3 /INPUT 2 "sel"
    .port_info 4 /OUTPUT 8 "out"
v0x7fffe2f5e340_0 .net "in1", 7 0, v0x7fffe2f7e7e0_0;  1 drivers
v0x7fffe2f7e360_0 .net "in2", 7 0, v0x7fffe2f7e8c0_0;  1 drivers
v0x7fffe2f7e440_0 .net "in3", 7 0, v0x7fffe2f7e990_0;  1 drivers
v0x7fffe2f7e530_0 .var "out", 7 0;
v0x7fffe2f7e610_0 .net "sel", 1 0, v0x7fffe2f7eb60_0;  1 drivers
E_0x7fffe2f20dd0 .event edge, v0x7fffe2f7e610_0, v0x7fffe2f7e440_0, v0x7fffe2f7e360_0, v0x7fffe2f5e340_0;
    .scope S_0x7fffe2f5e0f0;
T_0 ;
    %wait E_0x7fffe2f20dd0;
    %load/vec4 v0x7fffe2f7e610_0;
    %dup/vec4;
    %pushi/vec4 0, 0, 2;
    %cmp/u;
    %jmp/1 T_0.0, 6;
    %dup/vec4;
    %pushi/vec4 1, 0, 2;
    %cmp/u;
    %jmp/1 T_0.1, 6;
    %dup/vec4;
    %pushi/vec4 2, 0, 2;
    %cmp/u;
    %jmp/1 T_0.2, 6;
    %jmp T_0.3;
T_0.0 ;
    %load/vec4 v0x7fffe2f5e340_0;
    %assign/vec4 v0x7fffe2f7e530_0, 0;
    %jmp T_0.3;
T_0.1 ;
    %load/vec4 v0x7fffe2f7e360_0;
    %assign/vec4 v0x7fffe2f7e530_0, 0;
    %jmp T_0.3;
T_0.2 ;
    %load/vec4 v0x7fffe2f7e440_0;
    %assign/vec4 v0x7fffe2f7e530_0, 0;
    %jmp T_0.3;
T_0.3 ;
    %pop/vec4 1;
    %jmp T_0;
    .thread T_0, $push;
    .scope S_0x7fffe2f5df70;
T_1 ;
    %vpi_call 2 12 "$monitor", "[%0t] sel=%b in1=%b in2=%b in3=%b out=%b", $time, v0x7fffe2f7eb60_0, v0x7fffe2f7e7e0_0, v0x7fffe2f7e8c0_0, v0x7fffe2f7e990_0, v0x7fffe2f7ea90_0 {0 0 0};
    %vpi_func 2 15 "$random" 32 {0 0 0};
    %pad/s 8;
    %assign/vec4 v0x7fffe2f7e7e0_0, 0;
    %vpi_func 2 16 "$random" 32 {0 0 0};
    %pad/s 8;
    %assign/vec4 v0x7fffe2f7e8c0_0, 0;
    %vpi_func 2 17 "$random" 32 {0 0 0};
    %pad/s 8;
    %assign/vec4 v0x7fffe2f7e990_0, 0;
    %delay 0, 0;
    %pushi/vec4 0, 0, 2;
    %assign/vec4 v0x7fffe2f7eb60_0, 0;
    %delay 5, 0;
    %pushi/vec4 1, 0, 2;
    %assign/vec4 v0x7fffe2f7eb60_0, 0;
    %delay 5, 0;
    %pushi/vec4 2, 0, 2;
    %assign/vec4 v0x7fffe2f7eb60_0, 0;
    %delay 5, 0;
    %vpi_call 2 23 "$finish" {0 0 0};
    %end;
    .thread T_1;
# The file index is used to find the file name in the following table.
:file_names 4;
    "N/A";
    "<interactive>";
    "test_mux_3to1.v";
    "mux_3to1.v";
