#! /usr/bin/vvp
:ivl_version "10.1 (stable)";
:ivl_delay_selection "TYPICAL";
:vpi_time_precision + 0;
:vpi_module "system";
:vpi_module "vhdl_sys";
:vpi_module "v2005_math";
:vpi_module "va_math";
S_0x7fffe3bcbc20 .scope module, "testbench_single_port_rom" "testbench_single_port_rom" 2 1;
 .timescale 0 0;
v0x7fffe3bec300_0 .var "addr", 4 0;
v0x7fffe3bec3f0_0 .var "clk", 0 0;
v0x7fffe3bec4c0_0 .net "q", 23 0, v0x7fffe3bec100_0;  1 drivers
S_0x7fffe3bcbda0 .scope module, "rom" "single_port_rom" 2 6, 3 4 0, S_0x7fffe3bcbc20;
 .timescale 0 0;
    .port_info 0 /INPUT 5 "addr"
    .port_info 1 /INPUT 1 "clk"
    .port_info 2 /OUTPUT 24 "q"
v0x7fffe3bcbfc0_0 .net "addr", 4 0, v0x7fffe3bec300_0;  1 drivers
v0x7fffe3bec040_0 .net "clk", 0 0, v0x7fffe3bec3f0_0;  1 drivers
v0x7fffe3bec100_0 .var "q", 23 0;
v0x7fffe3bec1c0 .array "rom", 0 31, 23 0;
E_0x7fffe3b8ea80 .event posedge, v0x7fffe3bec040_0;
    .scope S_0x7fffe3bcbda0;
T_0 ;
    %vpi_call 3 24 "$readmemb", "single_port_rom_init.txt", v0x7fffe3bec1c0 {0 0 0};
    %end;
    .thread T_0;
    .scope S_0x7fffe3bcbda0;
T_1 ;
    %wait E_0x7fffe3b8ea80;
    %load/vec4 v0x7fffe3bcbfc0_0;
    %pad/u 7;
    %ix/vec4 4;
    %load/vec4a v0x7fffe3bec1c0, 4;
    %assign/vec4 v0x7fffe3bec100_0, 0;
    %jmp T_1;
    .thread T_1;
    .scope S_0x7fffe3bcbc20;
T_2 ;
    %vpi_call 2 9 "$monitor", "[%0t] clk=%b addr=%b q=%b", $time, v0x7fffe3bec3f0_0, v0x7fffe3bec300_0, v0x7fffe3bec4c0_0 {0 0 0};
    %delay 0, 0;
    %pushi/vec4 0, 0, 1;
    %store/vec4 v0x7fffe3bec3f0_0, 0, 1;
    %delay 0, 0;
    %pushi/vec4 0, 0, 5;
    %store/vec4 v0x7fffe3bec300_0, 0, 5;
    %delay 2, 0;
    %load/vec4 v0x7fffe3bec300_0;
    %addi 1, 0, 5;
    %store/vec4 v0x7fffe3bec300_0, 0, 5;
    %delay 2, 0;
    %load/vec4 v0x7fffe3bec300_0;
    %addi 1, 0, 5;
    %store/vec4 v0x7fffe3bec300_0, 0, 5;
    %delay 2, 0;
    %load/vec4 v0x7fffe3bec300_0;
    %addi 1, 0, 5;
    %store/vec4 v0x7fffe3bec300_0, 0, 5;
    %delay 2, 0;
    %load/vec4 v0x7fffe3bec300_0;
    %addi 1, 0, 5;
    %store/vec4 v0x7fffe3bec300_0, 0, 5;
    %delay 2, 0;
    %load/vec4 v0x7fffe3bec300_0;
    %addi 1, 0, 5;
    %store/vec4 v0x7fffe3bec300_0, 0, 5;
    %delay 1, 0;
    %vpi_call 2 20 "$finish" {0 0 0};
    %end;
    .thread T_2;
    .scope S_0x7fffe3bcbc20;
T_3 ;
    %delay 1, 0;
    %load/vec4 v0x7fffe3bec3f0_0;
    %inv;
    %store/vec4 v0x7fffe3bec3f0_0, 0, 1;
    %jmp T_3;
    .thread T_3;
# The file index is used to find the file name in the following table.
:file_names 4;
    "N/A";
    "<interactive>";
    "test_single_port_rom.v";
    "single_port_rom.v";
