#! /usr/bin/vvp
:ivl_version "10.1 (stable)";
:ivl_delay_selection "TYPICAL";
:vpi_time_precision + 0;
:vpi_module "system";
:vpi_module "vhdl_sys";
:vpi_module "v2005_math";
:vpi_module "va_math";
S_0x7fffc3269c30 .scope module, "testbench_controle_central" "testbench_controle_central" 2 1;
 .timescale 0 0;
v0x7fffc328a360_0 .net "DUMP", 0 0, v0x7fffc3265d80_0;  1 drivers
v0x7fffc328a420_0 .net "ended", 0 0, v0x7fffc3265e20_0;  1 drivers
v0x7fffc328a4f0_0 .var "op", 2 0;
v0x7fffc328a5f0_0 .var "ovf", 0 0;
v0x7fffc328a6c0_0 .net "sel_mux1", 1 0, v0x7fffc3289fd0_0;  1 drivers
v0x7fffc328a7b0_0 .net "sel_mux2", 0 0, v0x7fffc328a100_0;  1 drivers
v0x7fffc328a880_0 .net "sel_mux3", 0 0, v0x7fffc328a1c0_0;  1 drivers
S_0x7fffc3269db0 .scope module, "ctrl" "controle_central" 2 10, 3 1 0, S_0x7fffc3269c30;
 .timescale 0 0;
    .port_info 0 /INPUT 3 "op"
    .port_info 1 /INPUT 1 "ovf"
    .port_info 2 /OUTPUT 1 "ended"
    .port_info 3 /OUTPUT 1 "DUMP"
    .port_info 4 /OUTPUT 2 "sel_mux1"
    .port_info 5 /OUTPUT 1 "sel_mux2"
    .port_info 6 /OUTPUT 1 "sel_mux3"
v0x7fffc3265d80_0 .var "DUMP", 0 0;
v0x7fffc3265e20_0 .var "ended", 0 0;
v0x7fffc3289e50_0 .net "op", 2 0, v0x7fffc328a4f0_0;  1 drivers
v0x7fffc3289f10_0 .net "ovf", 0 0, v0x7fffc328a5f0_0;  1 drivers
v0x7fffc3289fd0_0 .var "sel_mux1", 1 0;
v0x7fffc328a100_0 .var "sel_mux2", 0 0;
v0x7fffc328a1c0_0 .var "sel_mux3", 0 0;
E_0x7fffc325b090 .event edge, v0x7fffc3289f10_0, v0x7fffc3289e50_0;
    .scope S_0x7fffc3269db0;
T_0 ;
    %wait E_0x7fffc325b090;
    %load/vec4 v0x7fffc3289f10_0;
    %pad/u 32;
    %cmpi/e 1, 0, 32;
    %jmp/0xz  T_0.0, 4;
    %pushi/vec4 2, 0, 2;
    %assign/vec4 v0x7fffc3289fd0_0, 0;
    %pushi/vec4 1, 0, 1;
    %assign/vec4 v0x7fffc328a100_0, 0;
    %pushi/vec4 1, 0, 1;
    %assign/vec4 v0x7fffc328a1c0_0, 0;
    %jmp T_0.1;
T_0.0 ;
    %load/vec4 v0x7fffc3289e50_0;
    %parti/s 1, 1, 2;
    %pad/u 2;
    %assign/vec4 v0x7fffc3289fd0_0, 0;
    %load/vec4 v0x7fffc3289e50_0;
    %parti/s 1, 0, 2;
    %assign/vec4 v0x7fffc328a100_0, 0;
    %pushi/vec4 0, 0, 1;
    %assign/vec4 v0x7fffc328a1c0_0, 0;
T_0.1 ;
    %load/vec4 v0x7fffc3289e50_0;
    %pushi/vec4 4, 0, 3;
    %cmp/e;
    %flag_get/vec4 4;
    %assign/vec4 v0x7fffc3265e20_0, 0;
    %load/vec4 v0x7fffc3289e50_0;
    %pushi/vec4 7, 0, 3;
    %cmp/e;
    %flag_get/vec4 4;
    %assign/vec4 v0x7fffc3265d80_0, 0;
    %jmp T_0;
    .thread T_0, $push;
    .scope S_0x7fffc3269c30;
T_1 ;
    %vpi_call 2 13 "$monitor", "[%0t] op=%b ovf=%b ended=%b DUMP=%b sel_mux1=%b sel_mux2=%b sel_mux3=%b", $time, v0x7fffc328a4f0_0, v0x7fffc328a5f0_0, v0x7fffc328a420_0, v0x7fffc328a360_0, v0x7fffc328a6c0_0, v0x7fffc328a7b0_0, v0x7fffc328a880_0 {0 0 0};
    %delay 0, 0;
    %pushi/vec4 0, 0, 3;
    %assign/vec4 v0x7fffc328a4f0_0, 0;
    %delay 0, 0;
    %pushi/vec4 0, 0, 1;
    %assign/vec4 v0x7fffc328a5f0_0, 0;
    %delay 1, 0;
    %pushi/vec4 1, 0, 3;
    %assign/vec4 v0x7fffc328a4f0_0, 0;
    %delay 0, 0;
    %pushi/vec4 0, 0, 1;
    %assign/vec4 v0x7fffc328a5f0_0, 0;
    %delay 1, 0;
    %pushi/vec4 2, 0, 3;
    %assign/vec4 v0x7fffc328a4f0_0, 0;
    %delay 0, 0;
    %pushi/vec4 0, 0, 1;
    %assign/vec4 v0x7fffc328a5f0_0, 0;
    %delay 1, 0;
    %pushi/vec4 3, 0, 3;
    %assign/vec4 v0x7fffc328a4f0_0, 0;
    %delay 0, 0;
    %pushi/vec4 0, 0, 1;
    %assign/vec4 v0x7fffc328a5f0_0, 0;
    %delay 1, 0;
    %pushi/vec4 4, 0, 3;
    %assign/vec4 v0x7fffc328a4f0_0, 0;
    %delay 0, 0;
    %pushi/vec4 0, 0, 1;
    %assign/vec4 v0x7fffc328a5f0_0, 0;
    %delay 1, 0;
    %pushi/vec4 7, 0, 3;
    %assign/vec4 v0x7fffc328a4f0_0, 0;
    %delay 0, 0;
    %pushi/vec4 0, 0, 1;
    %assign/vec4 v0x7fffc328a5f0_0, 0;
    %delay 1, 0;
    %pushi/vec4 0, 0, 3;
    %assign/vec4 v0x7fffc328a4f0_0, 0;
    %delay 0, 0;
    %pushi/vec4 1, 0, 1;
    %assign/vec4 v0x7fffc328a5f0_0, 0;
    %delay 1, 0;
    %pushi/vec4 1, 0, 3;
    %assign/vec4 v0x7fffc328a4f0_0, 0;
    %delay 0, 0;
    %pushi/vec4 1, 0, 1;
    %assign/vec4 v0x7fffc328a5f0_0, 0;
    %delay 1, 0;
    %pushi/vec4 2, 0, 3;
    %assign/vec4 v0x7fffc328a4f0_0, 0;
    %delay 0, 0;
    %pushi/vec4 1, 0, 1;
    %assign/vec4 v0x7fffc328a5f0_0, 0;
    %delay 1, 0;
    %pushi/vec4 3, 0, 3;
    %assign/vec4 v0x7fffc328a4f0_0, 0;
    %delay 0, 0;
    %pushi/vec4 1, 0, 1;
    %assign/vec4 v0x7fffc328a5f0_0, 0;
    %delay 1, 0;
    %pushi/vec4 4, 0, 3;
    %assign/vec4 v0x7fffc328a4f0_0, 0;
    %delay 0, 0;
    %pushi/vec4 1, 0, 1;
    %assign/vec4 v0x7fffc328a5f0_0, 0;
    %delay 1, 0;
    %pushi/vec4 7, 0, 3;
    %assign/vec4 v0x7fffc328a4f0_0, 0;
    %delay 0, 0;
    %pushi/vec4 1, 0, 1;
    %assign/vec4 v0x7fffc328a5f0_0, 0;
    %delay 0, 0;
    %vpi_call 2 52 "$finish" {0 0 0};
    %end;
    .thread T_1;
# The file index is used to find the file name in the following table.
:file_names 4;
    "N/A";
    "<interactive>";
    "test_controle_central.v";
    "controle_central.v";
