#! /usr/bin/vvp
:ivl_version "10.1 (stable)";
:ivl_delay_selection "TYPICAL";
:vpi_time_precision + 0;
:vpi_module "system";
:vpi_module "vhdl_sys";
:vpi_module "v2005_math";
:vpi_module "va_math";
S_0x7fffd16e02f0 .scope module, "testbench_mux_2to1" "testbench_mux_2to1" 2 1;
 .timescale 0 0;
v0x7fffd17009e0_0 .var "in1", 7 0;
v0x7fffd1700ac0_0 .var "in2", 7 0;
v0x7fffd1700b90_0 .net "out", 7 0, v0x7fffd1700780_0;  1 drivers
v0x7fffd1700c90_0 .var "sel", 0 0;
S_0x7fffd16e0470 .scope module, "mux" "mux_2to1" 2 7, 3 1 0, S_0x7fffd16e02f0;
 .timescale 0 0;
    .port_info 0 /INPUT 8 "in1"
    .port_info 1 /INPUT 8 "in2"
    .port_info 2 /INPUT 1 "sel"
    .port_info 3 /OUTPUT 8 "out"
v0x7fffd16e0640_0 .net "in1", 7 0, v0x7fffd17009e0_0;  1 drivers
v0x7fffd17006a0_0 .net "in2", 7 0, v0x7fffd1700ac0_0;  1 drivers
v0x7fffd1700780_0 .var "out", 7 0;
v0x7fffd1700870_0 .net "sel", 0 0, v0x7fffd1700c90_0;  1 drivers
E_0x7fffd16a4a80 .event edge, v0x7fffd1700870_0, v0x7fffd17006a0_0, v0x7fffd16e0640_0;
    .scope S_0x7fffd16e0470;
T_0 ;
    %wait E_0x7fffd16a4a80;
    %load/vec4 v0x7fffd1700870_0;
    %dup/vec4;
    %pushi/vec4 0, 0, 1;
    %cmp/u;
    %jmp/1 T_0.0, 6;
    %dup/vec4;
    %pushi/vec4 1, 0, 1;
    %cmp/u;
    %jmp/1 T_0.1, 6;
    %jmp T_0.2;
T_0.0 ;
    %load/vec4 v0x7fffd16e0640_0;
    %assign/vec4 v0x7fffd1700780_0, 0;
    %jmp T_0.2;
T_0.1 ;
    %load/vec4 v0x7fffd17006a0_0;
    %assign/vec4 v0x7fffd1700780_0, 0;
    %jmp T_0.2;
T_0.2 ;
    %pop/vec4 1;
    %jmp T_0;
    .thread T_0, $push;
    .scope S_0x7fffd16e02f0;
T_1 ;
    %vpi_call 2 11 "$monitor", "[%0t] sel=0x%0h in1=0x%0h in2=0x%0h out=0x%0h", $time, v0x7fffd1700c90_0, v0x7fffd17009e0_0, v0x7fffd1700ac0_0, v0x7fffd1700b90_0 {0 0 0};
    %vpi_func 2 14 "$random" 32 {0 0 0};
    %pad/s 8;
    %assign/vec4 v0x7fffd17009e0_0, 0;
    %vpi_func 2 15 "$random" 32 {0 0 0};
    %pad/s 8;
    %assign/vec4 v0x7fffd1700ac0_0, 0;
    %delay 0, 0;
    %pushi/vec4 0, 0, 1;
    %assign/vec4 v0x7fffd1700c90_0, 0;
    %delay 5, 0;
    %pushi/vec4 1, 0, 1;
    %assign/vec4 v0x7fffd1700c90_0, 0;
    %delay 5, 0;
    %vpi_call 2 20 "$finish" {0 0 0};
    %end;
    .thread T_1;
# The file index is used to find the file name in the following table.
:file_names 4;
    "N/A";
    "<interactive>";
    "test_mux_2to1.v";
    "mux_2to1.v";
