#! /usr/bin/vvp
:ivl_version "10.1 (stable)";
:ivl_delay_selection "TYPICAL";
:vpi_time_precision + 0;
:vpi_module "system";
:vpi_module "vhdl_sys";
:vpi_module "v2005_math";
:vpi_module "va_math";
S_0x7ffff4ccd8e0 .scope module, "testbench_decod_instr" "testbench_decod_instr" 2 1;
 .timescale 0 0;
v0x7ffff4cee090_0 .net "addr", 4 0, v0x7ffff4ccdcb0_0;  1 drivers
v0x7ffff4cee170_0 .var "instrucao", 23 0;
v0x7ffff4cee240_0 .net "op_code", 2 0, v0x7ffff4cedcf0_0;  1 drivers
v0x7ffff4cee340_0 .net "x", 7 0, v0x7ffff4cedde0_0;  1 drivers
v0x7ffff4cee410_0 .net "y", 7 0, v0x7ffff4cedec0_0;  1 drivers
S_0x7ffff4ccda60 .scope module, "decoder" "decod_instr" 2 8, 3 1 0, S_0x7ffff4ccd8e0;
 .timescale 0 0;
    .port_info 0 /INPUT 24 "instrucao"
    .port_info 1 /OUTPUT 3 "op_code"
    .port_info 2 /OUTPUT 5 "addr"
    .port_info 3 /OUTPUT 8 "x"
    .port_info 4 /OUTPUT 8 "y"
v0x7ffff4ccdcb0_0 .var "addr", 4 0;
v0x7ffff4cedc10_0 .net "instrucao", 23 0, v0x7ffff4cee170_0;  1 drivers
v0x7ffff4cedcf0_0 .var "op_code", 2 0;
v0x7ffff4cedde0_0 .var "x", 7 0;
v0x7ffff4cedec0_0 .var "y", 7 0;
E_0x7ffff4cc5730 .event edge, v0x7ffff4cedc10_0;
    .scope S_0x7ffff4ccda60;
T_0 ;
    %wait E_0x7ffff4cc5730;
    %load/vec4 v0x7ffff4cedc10_0;
    %parti/s 3, 21, 6;
    %assign/vec4 v0x7ffff4cedcf0_0, 0;
    %load/vec4 v0x7ffff4cedc10_0;
    %parti/s 5, 16, 6;
    %assign/vec4 v0x7ffff4ccdcb0_0, 0;
    %load/vec4 v0x7ffff4cedc10_0;
    %parti/s 8, 8, 5;
    %assign/vec4 v0x7ffff4cedde0_0, 0;
    %load/vec4 v0x7ffff4cedc10_0;
    %parti/s 8, 0, 2;
    %assign/vec4 v0x7ffff4cedec0_0, 0;
    %jmp T_0;
    .thread T_0, $push;
    .scope S_0x7ffff4ccd8e0;
T_1 ;
    %vpi_call 2 12 "$monitor", "[%0t] instrucao=%b op_code=%b addr=%b x=%b y=%b", $time, v0x7ffff4cee170_0, v0x7ffff4cee240_0, v0x7ffff4cee090_0, v0x7ffff4cee340_0, v0x7ffff4cee410_0 {0 0 0};
    %delay 0, 0;
    %vpi_func 2 15 "$random" 32 {0 0 0};
    %pad/s 24;
    %assign/vec4 v0x7ffff4cee170_0, 0;
    %delay 5, 0;
    %vpi_func 2 16 "$random" 32 {0 0 0};
    %pad/s 24;
    %assign/vec4 v0x7ffff4cee170_0, 0;
    %delay 5, 0;
    %vpi_func 2 17 "$random" 32 {0 0 0};
    %pad/s 24;
    %assign/vec4 v0x7ffff4cee170_0, 0;
    %delay 5, 0;
    %vpi_call 2 19 "$finish" {0 0 0};
    %end;
    .thread T_1;
# The file index is used to find the file name in the following table.
:file_names 4;
    "N/A";
    "<interactive>";
    "test_decod_instr.v";
    "decod_instr.v";
